  Файл: /home/user1
  Размер: 4096      	Блоков: 8          Блок В/В: 4096   каталог
Устройство: 259/5	Инода: 522241      Ссылки: 2
Доступ: (0700/drwx------)  Uid: ( 1234/   user1)   Gid: ( 1001/students)
Контекст: unconfined_u:object_r:user_home_dir_t:s0
Доступ:        2026-09-30 16:49:06.508400383 +0300
Модифицирован: 2026-09-30 19:10:33.733326748 +0300
Изменён:       2026-09-30 19:10:33.733326748 +0300
Создан:        2026-09-30 16:41:40.019973912 +0300
  Файл: ./cat
  Размер: 36568     	Блоков: 72         Блок В/В: 4096   обычный файл
Устройство: 259/5	Инода: 914433      Ссылки: 1
Доступ: (4755/-rwsr-xr-x)  Uid: (    0/    root)   Gid: (    0/    root)
Контекст: unconfined_u:object_r:user_home_t:s0
Доступ:        2026-09-30 17:05:47.109201970 +0300
Модифицирован: 2026-09-30 17:05:04.304031832 +0300
Изменён:       2026-09-30 17:05:36.516407122 +0300
Создан:        2026-09-30 17:05:04.304031832 +0300
  Файл: ./chown
  Размер: 65840     	Блоков: 144        Блок В/В: 4096   обычный файл
Устройство: 259/5	Инода: 914426      Ссылки: 1
Доступ: (0755/-rwxr-xr-x)  Uid: ( 1000/   redos)   Gid: ( 1000/   redos)
Контекст: unconfined_u:object_r:user_home_t:s0
Доступ:        2026-09-30 17:26:05.663537769 +0300
Модифицирован: 2026-09-30 17:22:32.909674166 +0300
Изменён:       2026-09-30 17:24:04.634890823 +0300
Создан:        2026-09-30 17:22:32.909674166 +0300
